2026-05-08 17:59:56.112 -04:00 [INF] User profile is available. Using 'C:\Users\hcabrera\AppData\Local\ASP.NET\DataProtection-Keys' as key repository and Windows DPAPI to encrypt keys at rest.
2026-05-08 17:59:56.861 -04:00 [INF] Now listening on: https://localhost:7182
2026-05-08 17:59:56.863 -04:00 [INF] Now listening on: http://localhost:5250
2026-05-08 17:59:56.879 -04:00 [INF] No action descriptors found. This may indicate an incorrectly configured application or missing application parts. To learn more, visit https://aka.ms/aspnet/mvc/app-parts
2026-05-08 17:59:56.945 -04:00 [INF] Application started. Press Ctrl+C to shut down.
2026-05-08 17:59:56.958 -04:00 [INF] Hosting environment: Development
2026-05-08 17:59:56.959 -04:00 [INF] Content root path: C:\Users\hcabrera\OneDrive - AdvanSys\Documents\New project\src\BitacoraTech.Api
2026-05-08 17:59:59.465 -04:00 [INF] Request starting HTTP/2 GET https://localhost:7182/ - null null
2026-05-08 18:00:01.785 -04:00 [INF] Executing endpoint 'HTTP: GET /'
2026-05-08 18:00:01.808 -04:00 [INF] Executing RedirectResult, redirecting to /health.
2026-05-08 18:00:01.811 -04:00 [INF] Executed endpoint 'HTTP: GET /'
2026-05-08 18:00:01.814 -04:00 [INF] HTTP GET / responded 302 in 209.1918 ms
2026-05-08 18:00:01.823 -04:00 [INF] Request finished HTTP/2 GET https://localhost:7182/ - 302 0 null 2367.9112ms
2026-05-08 18:00:01.833 -04:00 [INF] Request starting HTTP/2 GET https://localhost:7182/health - null null
2026-05-08 18:00:01.841 -04:00 [INF] Executing endpoint 'HTTP: GET /health'
2026-05-08 18:00:01.853 -04:00 [INF] Setting HTTP status code 200.
2026-05-08 18:00:01.927 -04:00 [INF] Writing value of type '<>f__AnonymousType1`2' as Json.
2026-05-08 18:00:01.933 -04:00 [INF] Executed endpoint 'HTTP: GET /health'
2026-05-08 18:00:01.934 -04:00 [INF] HTTP GET /health responded 200 in 93.4483 ms
2026-05-08 18:00:01.948 -04:00 [INF] Request finished HTTP/2 GET https://localhost:7182/health - 200 null application/json; charset=utf-8 114.223ms
2026-05-08 18:00:02.085 -04:00 [INF] Request starting HTTP/2 GET https://localhost:7182/favicon.ico - null null
2026-05-08 18:00:02.112 -04:00 [INF] HTTP GET /favicon.ico responded 404 in 2.0463 ms
2026-05-08 18:00:02.135 -04:00 [INF] Request finished HTTP/2 GET https://localhost:7182/favicon.ico - 404 0 null 49.9842ms
2026-05-08 18:00:02.145 -04:00 [INF] Request reached the end of the middleware pipeline without being handled by application code. Request path: GET https://localhost:7182/favicon.ico, Response status code: 404
2026-05-08 18:03:10.143 -04:00 [INF] Request starting HTTP/1.1 GET http://localhost:5250/swagger - null null
2026-05-08 18:03:10.824 -04:00 [INF] HTTP GET /swagger responded 301 in 0.8811 ms
2026-05-08 18:03:10.860 -04:00 [INF] Request finished HTTP/1.1 GET http://localhost:5250/swagger - 301 0 null 717.144ms
2026-05-08 18:03:10.879 -04:00 [INF] Request starting HTTP/1.1 GET http://localhost:5250/swagger/index.html - null null
2026-05-08 18:03:10.936 -04:00 [INF] HTTP GET /swagger/index.html responded 200 in 51.0899 ms
2026-05-08 18:03:10.958 -04:00 [INF] Request finished HTTP/1.1 GET http://localhost:5250/swagger/index.html - 200 null text/html;charset=utf-8 78.709ms
2026-05-08 18:03:11.071 -04:00 [INF] Request starting HTTP/1.1 GET http://localhost:5250/swagger/swagger-ui.css - null null
2026-05-08 18:03:11.072 -04:00 [INF] Request starting HTTP/1.1 GET http://localhost:5250/swagger/swagger-ui-bundle.js - null null
2026-05-08 18:03:11.091 -04:00 [INF] Request starting HTTP/1.1 GET http://localhost:5250/_framework/aspnetcore-browser-refresh.js - null null
2026-05-08 18:03:11.097 -04:00 [INF] Request finished HTTP/1.1 GET http://localhost:5250/_framework/aspnetcore-browser-refresh.js - 200 16517 application/javascript; charset=utf-8 5.0011ms
2026-05-08 18:03:11.104 -04:00 [INF] Request starting HTTP/1.1 GET http://localhost:5250/_vs/browserLink - null null
2026-05-08 18:03:11.116 -04:00 [INF] Sending file. Request path: '/swagger-ui.css'. Physical path: 'N/A'
2026-05-08 18:03:11.211 -04:00 [INF] Request starting HTTP/1.1 GET http://localhost:5250/swagger/swagger-ui-standalone-preset.js - null null
2026-05-08 18:03:11.272 -04:00 [INF] Sending file. Request path: '/swagger-ui-bundle.js'. Physical path: 'N/A'
2026-05-08 18:03:11.291 -04:00 [INF] HTTP GET /swagger/swagger-ui-bundle.js responded 200 in 210.7660 ms
2026-05-08 18:03:11.286 -04:00 [INF] HTTP GET /swagger/swagger-ui.css responded 200 in 213.4784 ms
2026-05-08 18:03:11.294 -04:00 [INF] Sending file. Request path: '/swagger-ui-standalone-preset.js'. Physical path: 'N/A'
2026-05-08 18:03:11.607 -04:00 [INF] HTTP GET /swagger/swagger-ui-standalone-preset.js responded 200 in 318.1742 ms
2026-05-08 18:03:11.354 -04:00 [INF] Request finished HTTP/1.1 GET http://localhost:5250/_vs/browserLink - 200 null text/javascript; charset=UTF-8 247.8469ms
2026-05-08 18:03:11.604 -04:00 [INF] Request finished HTTP/1.1 GET http://localhost:5250/swagger/swagger-ui.css - 200 152034 text/css 533.1206ms
2026-05-08 18:03:11.294 -04:00 [INF] Request finished HTTP/1.1 GET http://localhost:5250/swagger/swagger-ui-bundle.js - 200 1456926 text/javascript 221.3501ms
2026-05-08 18:03:11.609 -04:00 [INF] Request finished HTTP/1.1 GET http://localhost:5250/swagger/swagger-ui-standalone-preset.js - 200 230280 text/javascript 397.2804ms
2026-05-08 18:03:11.617 -04:00 [INF] Request starting HTTP/1.1 GET http://localhost:5250/swagger/v1/swagger.json - null null
2026-05-08 18:03:11.627 -04:00 [INF] Request starting HTTP/1.1 GET http://localhost:5250/swagger/favicon-32x32.png - null null
2026-05-08 18:03:11.637 -04:00 [INF] Sending file. Request path: '/favicon-32x32.png'. Physical path: 'N/A'
2026-05-08 18:03:11.638 -04:00 [INF] HTTP GET /swagger/favicon-32x32.png responded 200 in 1.5073 ms
2026-05-08 18:03:11.640 -04:00 [INF] Request finished HTTP/1.1 GET http://localhost:5250/swagger/favicon-32x32.png - 200 628 image/png 13.2937ms
2026-05-08 18:03:11.647 -04:00 [INF] HTTP GET /swagger/v1/swagger.json responded 200 in 12.9565 ms
2026-05-08 18:03:11.650 -04:00 [INF] Request finished HTTP/1.1 GET http://localhost:5250/swagger/v1/swagger.json - 200 null application/json;charset=utf-8 33.1501ms
2026-05-08 18:03:16.443 -04:00 [INF] Request starting HTTP/1.1 GET http://localhost:5250/_framework/aspnetcore-browser-refresh.js - null null
2026-05-08 18:03:16.448 -04:00 [INF] Request finished HTTP/1.1 GET http://localhost:5250/_framework/aspnetcore-browser-refresh.js - 200 16517 application/javascript; charset=utf-8 5.7555ms
2026-05-08 18:03:16.465 -04:00 [INF] Request starting HTTP/1.1 GET http://localhost:5250/swagger/swagger-ui-bundle.js - null null
2026-05-08 18:03:16.477 -04:00 [INF] Sending file. Request path: '/swagger-ui-bundle.js'. Physical path: 'N/A'
2026-05-08 18:03:16.480 -04:00 [INF] HTTP GET /swagger/swagger-ui-bundle.js responded 200 in 10.1259 ms
2026-05-08 18:03:16.483 -04:00 [INF] Request finished HTTP/1.1 GET http://localhost:5250/swagger/swagger-ui-bundle.js - 200 1456926 text/javascript 17.9319ms
2026-05-08 18:03:17.221 -04:00 [INF] Request starting HTTP/1.1 GET http://localhost:5250/swagger/swagger-ui-standalone-preset.js - null null
2026-05-08 18:03:17.226 -04:00 [INF] Sending file. Request path: '/swagger-ui-standalone-preset.js'. Physical path: 'N/A'
2026-05-08 18:03:17.229 -04:00 [INF] HTTP GET /swagger/swagger-ui-standalone-preset.js responded 200 in 3.8689 ms
2026-05-08 18:03:17.232 -04:00 [INF] Request finished HTTP/1.1 GET http://localhost:5250/swagger/swagger-ui-standalone-preset.js - 200 230280 text/javascript 10.8536ms
2026-05-08 18:03:20.376 -04:00 [INF] Request starting HTTP/1.1 GET http://localhost:5250/_vs/browserLink - null null
2026-05-08 18:03:20.385 -04:00 [INF] Request finished HTTP/1.1 GET http://localhost:5250/_vs/browserLink - 200 null text/javascript; charset=UTF-8 9.4391ms
